Script started on Fri 06 Nov 2015 08:08:23 PM PST
[kzhen002@hammer rshell]$ ls || ls
bin  LICENSE  ls  makefile  mc	README.md  README.MD  sm  src  test;  tests
[kzhen002@hammer rshell]$ pwd && ps
/class/classes/kzhen002/rshell
  PID TTY	   TIME CMD
19960 pts/14   00:00:00 bash
20011 pts/14   00:00:00 ps
[kzhen002@hammer rshell]$ pwd ; ls
/class/classes/kzhen002/rshell
bin  LICENSE  ls  makefile  mc	README.md  README.MD  sm  src  test;  tests
[kzhen002@hammer rshell]$ ls ; echo hi && pwd || ps
bin  LICENSE  ls  makefile  mc	README.md  README.MD  sm  src  test;  tests
hi
/class/classes/kzhen002/rshell
[kzhen002@hammer rshell]$ ls -a ; echo hello ; mkdir test || echo world ; git status
.  ..  bin  .git  LICENSE  ls  makefile	 mc  README.md	README.MD  sm  src  test;  tests
hello
# On branch master
# Changed but not updated:
#   (use "git add <file>..." to update what will be committed)
#   (use "git checkout -- <file>..." to discard changes in working directory)
#
#	modified:   src/main.cpp
#
# Untracked files:
#   (use "git add <file>..." to include in what will be committed)
#
#	README.MD
#	bin/
#	mc
#	sm
no changes added to commit (use "git add" and/or "git commit -a")
[kzhen002@hammer rshell]$ rmdirstest; ;&echo hello ; ls -a
bash: syntax error near unexpected token `;'
[kzhen002@hammer rshell]$ exit
exit

Script done on Fri 06 Nov 2015 08:12:07 PM PST
